<Connection Name="Connection" RPI="10000" InputCxnPoint="0" InputSize="0" OutputCxnPoint="0" OutputSize="0" Type="Input" Priority="Scheduled" InputConnectionType="Multicast" InputProductionTrigger="Cyclic" OutputRedundantOwner="false" EventID="0" InputTagSuffix="I" OutputTagSuffix="O" />