<Controller Name="Test" ProcessorType="1756-L74" MajorRev="1" MinorRev="0" ProjectCreationDate="Fri Jan 21 15:31:46 2022" LastModifiedDate="Fri Jan 21 15:31:46 2022" />