<DataType Name="Test" Family="NoFamily" Class="User">
  <Description><![CDATA[This is a test user defined type]]></Description>
  <Members />
</DataType>