<Data Format="String" Length="19"><![CDATA['This is test string']]></Data>