<Member Name="Test" DataType="TIMER" Dimension="0" Radix="NullType" Hidden="false" ExternalAccess="Read/Write" />