<Member Name="Test" DataType="DINT" Dimension="10" Radix="Decimal" Hidden="false" ExternalAccess="Read/Write" />