<Port Id="1" Address="10.11.12.13" Type="Ethernet" Upstream="true" />