<Comment Operand=".MemberName"><![CDATA[this is a test comment]]></Comment>