<Tag Name="Test" TagType="Base" DataType="INT" Radix="Decimal" Constant="false" ExternalAccess="Read/Write">
  <Data Format="Decorated">
    <DataValue DataType="INT" Value="0" />
  </Data>
</Tag>