<Tag Name="Test" TagType="Base" DataType="Test" Constant="false" ExternalAccess="Read/Write">
  <Description><![CDATA[This is a test type]]></Description>
  <Data Format="Decorated">
    <Structure DataType="Test">
      <DataValueMember Name="BoolMember" DataType="BOOL" Value="0" />
      <DataValueMember Name="DintMember" DataType="DINT" Radix="Decimal" Value="0" />
      <DataValueMember Name="RealMember" DataType="REAL" Radix="Float" Value="0.0" />
      <StructureMember Name="TimerMember" DataType="TIMER">
        <DataValueMember Name="PRE" DataType="DINT" Radix="Decimal" Value="0" />
        <DataValueMember Name="ACC" DataType="DINT" Radix="Decimal" Value="0" />
        <DataValueMember Name="EN" DataType="BOOL" Value="0" />
        <DataValueMember Name="TT" DataType="BOOL" Value="0" />
        <DataValueMember Name="DN" DataType="BOOL" Value="0" />
      </StructureMember>
      <StructureMember Name="StringMember" DataType="STRING">
        <DataValueMember Name="LEN" DataType="DINT" Radix="Decimal" Value="0" />
        <DataValueMember Name="DATA" DataType="STRING" Radix="Ascii"><![CDATA[]]></DataValueMember>
      </StructureMember>
    </Structure>
  </Data>
</Tag>