<Controller Name="ControllerName" ProcessorType="" MajorRev="0" MinorRev="0">
  <DataTypes />
</Controller>