<TagMember Name="BOOL" DataType="BOOL" ExternalAccess="None" Description="This is a test comment" Value="0" />