<AlarmAnalogParameters EnableIn="false" InFault="false" HHEnabled="false" HEnabled="false" LEnabled="false" LLEnabled="false" AckRequired="false" ProgAckAll="false" OperAckAll="false" HHProgAck="false" HHOperAck="false" HProgAck="false" HOperAck="false" LProgAck="false" LOperAck="false" LLProgAck="false" LLOperAck="false" ROCPosProgAck="false" ROCPosOperAck="false" ROCNegProgAck="false" ROCNegOperAck="false" ProgSuppress="false" OperSuppress="false" ProgUnsuppress="false" OperUnsuppress="false" HHOperShelve="false" HOperShelve="false" LOperShelve="false" LLOperShelve="false" ROCPosOperShelve="false" ROCNegOperShelve="false" ProgUnshelveAll="false" HHOperUnshelve="false" HOperUnshelve="false" LOperUnshelve="false" LLOperUnshelve="false" ROCPosOperUnshelve="false" ROCNegOperUnshelve="false" ProgDisable="false" OperDisable="false" ProgEnable="false" OperEnable="false" AlarmCountReset="false" HHMinDurationEnable="false" HMinDurationEnable="false" LMinDurationEnable="false" LLMinDurationEnable="false" In="0" HHLimit="0" HHSeverity="0" HLimit="0" HSeverity="0" LLimit="0" LSeverity="0" LLLimit="0" LLSeverity="0" MinDurationPRE="0" ShelveDuration="0" MaxShelveDuration="0" Deadband="0" ROCPosLimit="0" ROCPosSeverity="0" ROCNegLimit="0" ROCNegSeverity="0" ROCPeriod="0" />