<Controller Name="Test" ProcessorType="1756-L74" MajorRev="1" MinorRev="0" ProjectCreationDate="Mon Jan 1 00:00:00 0001" LastModifiedDate="Mon Jan 1 00:00:00 0001" />