<DataValueMember Name="Test" DataType="DINT" Radix="Decimal" Value="0" />