<DataType Name="Test" Family="None" Class="User">
  <Description><![CDATA[This is a test user defined type]]></Description>
  <Members>
    <Member Name="Member01" DataType="BOOL" Dimensions="0" Radix="Binary" Hidden="false" ExternalAccess="Read Only">
      <Description><![CDATA[This is a test member]]></Description>
    </Member>
    <Member Name="Member02" DataType="INT" Dimensions="0" Radix="Octal" Hidden="false" ExternalAccess="None">
      <Description><![CDATA[This is a test member]]></Description>
    </Member>
    <Member Name="Member03" DataType="DINT" Dimensions="0" Radix="Decimal" Hidden="false" ExternalAccess="Read Only">
      <Description><![CDATA[This is a test member]]></Description>
    </Member>
    <Member Name="Member04" DataType="LINT" Dimensions="0" Radix="Hex" Hidden="false" ExternalAccess="Read/Write">
      <Description><![CDATA[This is a test member]]></Description>
    </Member>
    <Member Name="Member04" DataType="SINT" Dimensions="0" Radix="Ascii" Hidden="false" ExternalAccess="Read/Write" />
    <Member Name="Member05" DataType="REAL" Dimensions="0" Radix="Float" Hidden="false" ExternalAccess="Read/Write" />
  </Members>
</DataType>