<DataValueMember Name="Test" DataType="SINT" Radix="Decimal" Value="0" />