<DataType Name="Test" Family="NoFamily" Class="User">
  <Description><![CDATA[My Test DataType]]></Description>
  <Members>
    <Member Name="Member_Bool" DataType="BOOL" Dimensions="0" Radix="Decimal" ExternalAccess="Read/Write" />
    <Member Name="Member_Sint" DataType="SINT" Dimensions="0" Radix="Decimal" ExternalAccess="Read/Write" />
    <Member Name="Member_Int" DataType="INT" Dimensions="0" Radix="Decimal" ExternalAccess="Read/Write" />
    <Member Name="Member_Dint" DataType="DINT" Dimensions="0" Radix="Decimal" ExternalAccess="Read/Write" />
    <Member Name="Member_Lint" DataType="LINT" Dimensions="0" Radix="Decimal" ExternalAccess="Read/Write" />
    <Member Name="Member_Real" DataType="REAL" Dimensions="0" Radix="Float" ExternalAccess="Read/Write" />
  </Members>
</DataType>