<DataType Name="Test" Family="NoFamily" Class="User">
  <Members>
    <Member Name="Test" DataType="DINT" Dimensions="0" Radix="Decimal" ExternalAccess="Read/Write" />
  </Members>
</DataType>