<DataValue DataType="BOOL" Radix="Decimal" Value="false" />