<DataValue DataType="REAL" Radix="Float" Value="0" />