<DataValueMember Name="Test" DataType="REAL" Radix="Float" Value="0.0" />