<DataValue DataType="LINT" Radix="Decimal" Value="0" />