<Member Name="Test" DataType="DINT" Dimensions="10" Radix="Decimal" Hidden="false" ExternalAccess="Read/Write" />