<Member Name="Test" DataType="BOOL" Dimension="0" Radix="Binary" Hidden="false" ExternalAccess="Read Only">
  <Description><![CDATA[This is a test member]]></Description>
</Member>