<Member Name="Test" DataType="BOOL" Dimension="0" Radix="Decimal" Hidden="false" ExternalAccess="Read/Write" />