<Module Name="Test" CatalogNumber="1756-EN2T" Vendor="1" ProductType="12" ProductCode="166" Major="11" Minor="1" ParentModule="" ParentModPortId="0" Inhibited="False" MajorFault="False" SafetyEnabled="False">
  <Description><![CDATA[This is a test module]]></Description>
  <EKey State="CompatibleModule" />
  <Ports>
    <Port Id="1" Address="0" Type="ICP" Upstream="True" />
    <Port Id="2" Address="1.2.3.4" Type="Ethernet" Upstream="False">
      <Bus />
    </Port>
  </Ports>
  <Communications>
    <Connections />
  </Communications>
</Module>