<Parameter Name="Test" TagType="Base" DataType="TIMER" Usage="InOut" Required="true" Visible="true" Constant="false" />