<Program Name="Test" Type="Normal" TestEdits="false" Disabled="false" UseAsFolder="false">
  <Description><![CDATA[This is a test program]]></Description>
  <Tags />
  <Routines />
</Program>