<Rung Number="1" Type="N">
  <Comment><![CDATA[This is a test comment]]></Comment>
  <Text><![CDATA[XIC(Test);]]></Text>
</Rung>