<StructureMember Name="Test" DataType="Test">
  <StructureMember Name="StringMember" DataType="STRING">
    <DataValueMember Name="LEN" DataType="DINT" Radix="Decimal" Value="82" />
    <ArrayMember Name="DATA" DataType="SINT" Dimensions="82" Radix="Ascii">
      <Element Index="[0]" Value="'$00'" />
      <Element Index="[1]" Value="'$00'" />
      <Element Index="[2]" Value="'$00'" />
      <Element Index="[3]" Value="'$00'" />
      <Element Index="[4]" Value="'$00'" />
      <Element Index="[5]" Value="'$00'" />
      <Element Index="[6]" Value="'$00'" />
      <Element Index="[7]" Value="'$00'" />
      <Element Index="[8]" Value="'$00'" />
      <Element Index="[9]" Value="'$00'" />
      <Element Index="[10]" Value="'$00'" />
      <Element Index="[11]" Value="'$00'" />
      <Element Index="[12]" Value="'$00'" />
      <Element Index="[13]" Value="'$00'" />
      <Element Index="[14]" Value="'$00'" />
      <Element Index="[15]" Value="'$00'" />
      <Element Index="[16]" Value="'$00'" />
      <Element Index="[17]" Value="'$00'" />
      <Element Index="[18]" Value="'$00'" />
      <Element Index="[19]" Value="'$00'" />
      <Element Index="[20]" Value="'$00'" />
      <Element Index="[21]" Value="'$00'" />
      <Element Index="[22]" Value="'$00'" />
      <Element Index="[23]" Value="'$00'" />
      <Element Index="[24]" Value="'$00'" />
      <Element Index="[25]" Value="'$00'" />
      <Element Index="[26]" Value="'$00'" />
      <Element Index="[27]" Value="'$00'" />
      <Element Index="[28]" Value="'$00'" />
      <Element Index="[29]" Value="'$00'" />
      <Element Index="[30]" Value="'$00'" />
      <Element Index="[31]" Value="'$00'" />
      <Element Index="[32]" Value="'$00'" />
      <Element Index="[33]" Value="'$00'" />
      <Element Index="[34]" Value="'$00'" />
      <Element Index="[35]" Value="'$00'" />
      <Element Index="[36]" Value="'$00'" />
      <Element Index="[37]" Value="'$00'" />
      <Element Index="[38]" Value="'$00'" />
      <Element Index="[39]" Value="'$00'" />
      <Element Index="[40]" Value="'$00'" />
      <Element Index="[41]" Value="'$00'" />
      <Element Index="[42]" Value="'$00'" />
      <Element Index="[43]" Value="'$00'" />
      <Element Index="[44]" Value="'$00'" />
      <Element Index="[45]" Value="'$00'" />
      <Element Index="[46]" Value="'$00'" />
      <Element Index="[47]" Value="'$00'" />
      <Element Index="[48]" Value="'$00'" />
      <Element Index="[49]" Value="'$00'" />
      <Element Index="[50]" Value="'$00'" />
      <Element Index="[51]" Value="'$00'" />
      <Element Index="[52]" Value="'$00'" />
      <Element Index="[53]" Value="'$00'" />
      <Element Index="[54]" Value="'$00'" />
      <Element Index="[55]" Value="'$00'" />
      <Element Index="[56]" Value="'$00'" />
      <Element Index="[57]" Value="'$00'" />
      <Element Index="[58]" Value="'$00'" />
      <Element Index="[59]" Value="'$00'" />
      <Element Index="[60]" Value="'$00'" />
      <Element Index="[61]" Value="'$00'" />
      <Element Index="[62]" Value="'$00'" />
      <Element Index="[63]" Value="'$00'" />
      <Element Index="[64]" Value="'$00'" />
      <Element Index="[65]" Value="'$00'" />
      <Element Index="[66]" Value="'$00'" />
      <Element Index="[67]" Value="'$00'" />
      <Element Index="[68]" Value="'$00'" />
      <Element Index="[69]" Value="'$00'" />
      <Element Index="[70]" Value="'$00'" />
      <Element Index="[71]" Value="'$00'" />
      <Element Index="[72]" Value="'$00'" />
      <Element Index="[73]" Value="'$00'" />
      <Element Index="[74]" Value="'$00'" />
      <Element Index="[75]" Value="'$00'" />
      <Element Index="[76]" Value="'$00'" />
      <Element Index="[77]" Value="'$00'" />
      <Element Index="[78]" Value="'$00'" />
      <Element Index="[79]" Value="'$00'" />
      <Element Index="[80]" Value="'$00'" />
      <Element Index="[81]" Value="'$00'" />
    </ArrayMember>
  </StructureMember>
  <StructureMember Name="SintMember" DataType="TIMER">
    <DataValueMember Name="PRE" DataType="DINT" Radix="Decimal" Value="0" />
    <DataValueMember Name="ACC" DataType="DINT" Radix="Decimal" Value="0" />
    <DataValueMember Name="EN" DataType="BOOL" Value="0" />
    <DataValueMember Name="TT" DataType="BOOL" Value="0" />
    <DataValueMember Name="DN" DataType="BOOL" Value="0" />
  </StructureMember>
  <StructureMember Name="IntMember" DataType="COUNTER">
    <DataValueMember Name="PRE" DataType="DINT" Radix="Decimal" Value="0" />
    <DataValueMember Name="ACC" DataType="DINT" Radix="Decimal" Value="0" />
    <DataValueMember Name="CU" DataType="BOOL" Value="0" />
    <DataValueMember Name="CD" DataType="BOOL" Value="0" />
    <DataValueMember Name="DN" DataType="BOOL" Value="0" />
    <DataValueMember Name="OV" DataType="BOOL" Value="0" />
    <DataValueMember Name="UN" DataType="BOOL" Value="0" />
  </StructureMember>
</StructureMember>