<Tag Name="Test" TagType="Base" DataType="DINT" Radix="Decimal" Constant="false" ExternalAccess="Read/Write">
  <Data Format="Decorated">
    <DataValue DataType="DINT" Value="0" />
  </Data>
</Tag>