<Tag Name="Test" TagType="Base" DataType="BOOL" Radix="Decimal" Constant="False" ExternalAccess="Read/Write">
  <Data Format="Decorated">
    <DataValue DataType="BOOL" Value="0" />
  </Data>
</Tag>