<Task Name="Test" Type="PERIODIC" Rate="100" Priority="10" Watchdog="5000" DisableUpdateOutputs="true" InhibitTask="false">
  <Description><![CDATA[This is a test event task]]></Description>
  <ScheduledPrograms>
    <ScheduledProgram Name="Test_Program_01" />
    <ScheduledProgram Name="Test_Program_02" />
    <ScheduledProgram Name="Test_Program_03" />
  </ScheduledPrograms>
</Task>